** Drc report for PowerDistributionPCB.kicad_pcb **
** Created on 2026-03-21T13:50:14-0400 **

** Found 64 DRC violations **
[clearance]: Clearance violation (netclass 'Default' clearance 0.1270 mm; actual 0.0000 mm)
    Rule: netclass 'Default'; error
    @(145.3470 mm, 117.0090 mm): Pad 9 [unconnected-(12V1-RT_SYNC-Pad9)] of 12V1 on Front
    @(144.3470 mm, 117.4590 mm): Polygon [<no net>] of 12V1 on Front
[clearance]: Clearance violation (netclass 'Default' clearance 0.1270 mm; actual 0.0000 mm)
    Rule: netclass 'Default'; error
    @(168.9690 mm, 47.9210 mm): Pad 9 [GND] of 5V1 on Front
    @(167.9690 mm, 48.3710 mm): Polygon [<no net>] of 5V1 on Front
[clearance]: Clearance violation (netclass 'Default' clearance 0.1270 mm; actual 0.1000 mm)
    Rule: netclass 'Default'; error
    @(165.7100 mm, 49.4225 mm): Pad 1 [Net-(5V1-FB)] of Rfbb1 on Front
    @(165.7100 mm, 50.0975 mm): Pad 2 [GND] of Rfbb1 on Front
[clearance]: Clearance violation (netclass 'Default' clearance 0.1270 mm; actual 0.1000 mm)
    Rule: netclass 'Default'; error
    @(185.9900 mm, 63.1190 mm): Pad 1 [Sys_Vin] of C2a1 on Front
    @(186.6650 mm, 63.1190 mm): Pad 2 [GND] of C2a1 on Front
[clearance]: Clearance violation (netclass 'Default' clearance 0.1270 mm; actual 0.1000 mm)
    Rule: netclass 'Default'; error
    @(166.6600 mm, 50.0950 mm): Pad 1 [5VBuck] of Rfbt1 on Front
    @(166.6600 mm, 49.4200 mm): Pad 2 [Net-(5V1-FB)] of Rfbt1 on Front
[clearance]: Clearance violation (netclass 'Default' clearance 0.1270 mm; actual 0.1000 mm)
    Rule: netclass 'Default'; error
    @(152.7160 mm, 121.9200 mm): Pad 1 [Sys_Vin] of C2b1 on Front
    @(153.3910 mm, 121.9200 mm): Pad 2 [GND] of C2b1 on Front
[clearance]: Clearance violation (netclass 'Default' clearance 0.1270 mm; actual 0.1000 mm)
    Rule: netclass 'Default'; error
    @(159.9550 mm, 120.7770 mm): Pad 1 [12VBuck] of Rfbt2 on Front
    @(160.6300 mm, 120.7770 mm): Pad 2 [Net-(12V1-FB)] of Rfbt2 on Front
[clearance]: Clearance violation (netclass 'Default' clearance 0.1270 mm; actual 0.1000 mm)
    Rule: netclass 'Default'; error
    @(159.9550 mm, 117.4770 mm): Pad 1 [Net-(12V1-FB)] of Rfbb2 on Front
    @(160.6300 mm, 117.4770 mm): Pad 2 [GND] of Rfbb2 on Front
[invalid_outline]: Board has malformed outline (no edges found on Edge.Cuts layer)
    Local override; error
    @(0.0000 mm, 0.0000 mm): PCB
[silk_over_copper]: Silkscreen clipped by solder mask
    Local override; warning
    @(146.1470 mm, 119.3090 mm): Reference field of 12V1
[silk_over_copper]: Silkscreen clipped by solder mask
    Local override; warning
    @(169.7690 mm, 50.2210 mm): Reference field of 5V1
[silk_over_copper]: Silkscreen clipped by solder mask
    Local override; warning
    @(228.8348 mm, 142.3694 mm): Reference field of R4
[silk_over_copper]: Silkscreen clipped by solder mask
    Local override; warning
    @(58.9440 mm, 39.7520 mm): Reference field of R9
[silk_over_copper]: Silkscreen clipped by solder mask
    Local override; warning
    @(201.6375 mm, 72.6990 mm): Reference field of Cout6
[silk_over_copper]: Silkscreen clipped by solder mask
    Local override; warning
    @(211.8520 mm, 31.1160 mm): Reference field of R2
[silk_over_copper]: Silkscreen clipped by solder mask
    Local override; warning
    @(138.5185 mm, 120.7040 mm): Reference field of Cout2
[silk_over_copper]: Silkscreen clipped by solder mask
    Local override; warning
    @(265.6648 mm, 137.7974 mm): Reference field of R11
[silk_over_copper]: Silkscreen clipped by solder mask
    Local override; warning
    @(223.1390 mm, 30.5181 mm): Reference field of Q1
[silk_over_copper]: Silkscreen clipped by solder mask
    Local override; warning
    @(142.9828 mm, 170.4364 mm): Reference field of R16
[silk_over_copper]: Silkscreen clipped by solder mask
    Local override; warning
    @(98.9490 mm, 132.0810 mm): Reference field of R3b1
[silk_over_copper]: Silkscreen clipped by solder mask
    Local override; warning
    @(94.3418 mm, 169.8014 mm): Reference field of R6
[silk_over_copper]: Silkscreen clipped by solder mask
    Local override; warning
    @(201.6375 mm, 69.3490 mm): Reference field of Cout5
[silk_over_copper]: Silkscreen clipped by solder mask
    Local override; warning
    @(138.5185 mm, 124.9540 mm): Reference field of Cout3
[silk_over_copper]: Silkscreen clipped by solder mask
    Local override; warning
    @(104.3425 mm, 129.8870 mm): Reference field of C4
[silk_over_copper]: Silkscreen clipped by solder mask
    Local override; warning
    @(107.2590 mm, 121.4120 mm): Reference field of L1
[silk_over_copper]: Silkscreen clipped by solder mask
    Local override; warning
    @(104.3425 mm, 128.1370 mm): Reference field of C3
[solder_mask_bridge]: Front solder mask aperture bridges items with different nets
    Rule: board setup solder mask min width; error
    @(165.7100 mm, 49.4225 mm): Pad 1 [Net-(5V1-FB)] of Rfbb1 on Front
    @(165.7100 mm, 50.0975 mm): Pad 2 [GND] of Rfbb1 on Front
[solder_mask_bridge]: Front solder mask aperture bridges items with different nets
    Rule: board setup solder mask min width; error
    @(185.9900 mm, 63.1190 mm): Pad 1 [Sys_Vin] of C2a1 on Front
    @(186.6650 mm, 63.1190 mm): Pad 2 [GND] of C2a1 on Front
[solder_mask_bridge]: Front solder mask aperture bridges items with different nets
    Rule: board setup solder mask min width; error
    @(166.6600 mm, 50.0950 mm): Pad 1 [5VBuck] of Rfbt1 on Front
    @(166.6600 mm, 49.4200 mm): Pad 2 [Net-(5V1-FB)] of Rfbt1 on Front
[solder_mask_bridge]: Front solder mask aperture bridges items with different nets
    Rule: board setup solder mask min width; error
    @(152.7160 mm, 121.9200 mm): Pad 1 [Sys_Vin] of C2b1 on Front
    @(153.3910 mm, 121.9200 mm): Pad 2 [GND] of C2b1 on Front
[solder_mask_bridge]: Front solder mask aperture bridges items with different nets
    Rule: board setup solder mask min width; error
    @(159.9550 mm, 120.7770 mm): Pad 1 [12VBuck] of Rfbt2 on Front
    @(160.6300 mm, 120.7770 mm): Pad 2 [Net-(12V1-FB)] of Rfbt2 on Front
[solder_mask_bridge]: Front solder mask aperture bridges items with different nets
    Rule: board setup solder mask min width; error
    @(159.9550 mm, 117.4770 mm): Pad 1 [Net-(12V1-FB)] of Rfbb2 on Front
    @(160.6300 mm, 117.4770 mm): Pad 2 [GND] of Rfbb2 on Front
[silk_overlap]: Silkscreen overlap
    Rule: board setup constraints silk; warning
    @(222.8423 mm, 145.1094 mm): Polygon of Q11 on F.Silkscreen
    @(224.0048 mm, 144.2194 mm): Reference field of Q11
[silk_overlap]: Silkscreen overlap
    Rule: board setup constraints silk; warning
    @(224.0048 mm, 144.2194 mm): Reference field of Q11
    @(224.0048 mm, 143.5544 mm): Segment of Q10 on F.Silkscreen
[silk_overlap]: Silkscreen overlap
    Rule: board setup constraints silk; warning
    @(224.0048 mm, 143.5544 mm): Segment of Q10 on F.Silkscreen
    @(224.0048 mm, 144.2194 mm): Reference field of Q11
[silk_overlap]: Silkscreen overlap
    Rule: board setup constraints silk; warning
    @(228.6077 mm, 141.8044 mm): Segment of R3 on F.Silkscreen
    @(228.8348 mm, 142.3694 mm): Reference field of R4
[silk_overlap]: Silkscreen overlap
    Rule: board setup constraints silk; warning
    @(224.8148 mm, 136.6994 mm): Rectangle of D3 on F.Silkscreen
    @(228.8348 mm, 139.4194 mm): Reference field of R3
[silk_overlap]: Silkscreen overlap
    Rule: board setup constraints silk; warning
    @(224.8148 mm, 136.6994 mm): Rectangle of D3 on F.Silkscreen
    @(224.0048 mm, 139.5944 mm): Reference field of Q10
[silk_overlap]: Silkscreen overlap
    Rule: board setup constraints silk; warning
    @(226.9348 mm, 135.6994 mm): Reference field of D3
    @(224.8148 mm, 133.1494 mm): Rectangle of D2 on F.Silkscreen
[silk_overlap]: Silkscreen overlap
    Rule: board setup constraints silk; warning
    @(224.0048 mm, 139.5944 mm): Reference field of Q10
    @(222.8423 mm, 140.4844 mm): Polygon of Q10 on F.Silkscreen
[silk_overlap]: Silkscreen overlap
    Rule: board setup constraints silk; warning
    @(260.8348 mm, 139.6474 mm): Reference field of Q6
    @(260.8348 mm, 138.9824 mm): Segment of Q2 on F.Silkscreen
[silk_overlap]: Silkscreen overlap
    Rule: board setup constraints silk; warning
    @(260.8348 mm, 139.6474 mm): Reference field of Q6
    @(260.8348 mm, 138.9824 mm): Segment of Q2 on F.Silkscreen
[silk_overlap]: Silkscreen overlap
    Rule: board setup constraints silk; warning
    @(265.4377 mm, 137.2324 mm): Segment of R7 on F.Silkscreen
    @(265.6648 mm, 137.7974 mm): Reference field of R11
[silk_overlap]: Silkscreen overlap
    Rule: board setup constraints silk; warning
    @(265.6648 mm, 134.8474 mm): Reference field of R7
    @(261.6448 mm, 132.1274 mm): Rectangle of D10 on F.Silkscreen
[silk_overlap]: Silkscreen overlap
    Rule: board setup constraints silk; warning
    @(261.6448 mm, 128.5774 mm): Rectangle of D6 on F.Silkscreen
    @(263.7648 mm, 131.1274 mm): Reference field of D10
[silk_overlap]: Silkscreen overlap
    Rule: board setup constraints silk; warning
    @(263.7648 mm, 131.1274 mm): Reference field of D10
    @(262.4848 mm, 128.5774 mm): Segment of D6 on F.Silkscreen
[silk_overlap]: Silkscreen overlap
    Rule: board setup constraints silk; warning
    @(138.9628 mm, 164.7664 mm): Rectangle of D8 on F.Silkscreen
    @(142.9828 mm, 167.4864 mm): Reference field of R15
[silk_overlap]: Silkscreen overlap
    Rule: board setup constraints silk; warning
    @(141.0828 mm, 163.7664 mm): Reference field of D8
    @(138.9628 mm, 161.2164 mm): Rectangle of D7 on F.Silkscreen
[silk_overlap]: Silkscreen overlap
    Rule: board setup constraints silk; warning
    @(90.3218 mm, 160.5814 mm): Rectangle of D4 on F.Silkscreen
    @(92.4418 mm, 163.1314 mm): Reference field of D5
[silk_overlap]: Silkscreen overlap
    Rule: board setup constraints silk; warning
    @(90.3218 mm, 164.1314 mm): Rectangle of D5 on F.Silkscreen
    @(89.5118 mm, 167.0264 mm): Reference field of Q7
[silk_overlap]: Silkscreen overlap
    Rule: board setup constraints silk; warning
    @(90.3218 mm, 164.1314 mm): Rectangle of D5 on F.Silkscreen
    @(94.3418 mm, 166.8514 mm): Reference field of R5
[silk_overlap]: Silkscreen overlap
    Rule: board setup constraints silk; warning
    @(98.9490 mm, 132.0810 mm): Reference field of R3b1
    @(98.7219 mm, 131.5160 mm): Segment of R3a1 on F.Silkscreen
[silk_overlap]: Silkscreen overlap
    Rule: board setup constraints silk; warning
    @(89.5118 mm, 170.9864 mm): Segment of Q7 on F.Silkscreen
    @(89.5118 mm, 171.6514 mm): Reference field of Q8
[silk_overlap]: Silkscreen overlap
    Rule: board setup constraints silk; warning
    @(89.5118 mm, 170.9864 mm): Segment of Q7 on F.Silkscreen
    @(89.5118 mm, 171.6514 mm): Reference field of Q8
[silk_overlap]: Silkscreen overlap
    Rule: board setup constraints silk; warning
    @(94.1147 mm, 169.2364 mm): Segment of R5 on F.Silkscreen
    @(94.3418 mm, 169.8014 mm): Reference field of R6
[silk_overlap]: Silkscreen overlap
    Rule: board setup constraints silk; warning
    @(142.7557 mm, 169.8714 mm): Segment of R15 on F.Silkscreen
    @(142.9828 mm, 170.4364 mm): Reference field of R16
[silk_overlap]: Silkscreen overlap
    Rule: board setup constraints silk; warning
    @(138.1528 mm, 172.2864 mm): Reference field of Q12
    @(138.1528 mm, 171.6214 mm): Segment of Q9 on F.Silkscreen
[silk_overlap]: Silkscreen overlap
    Rule: board setup constraints silk; warning
    @(138.1528 mm, 171.6214 mm): Segment of Q9 on F.Silkscreen
    @(138.1528 mm, 172.2864 mm): Reference field of Q12
[silk_overlap]: Silkscreen overlap
    Rule: board setup constraints silk; warning
    @(136.9903 mm, 173.1764 mm): Polygon of Q12 on F.Silkscreen
    @(138.1528 mm, 172.2864 mm): Reference field of Q12
[silk_overlap]: Silkscreen overlap
    Rule: board setup constraints silk; warning
    @(166.8900 mm, 46.4800 mm): Reference field of Rfbt1
    @(167.3306 mm, 46.2586 mm): Footprint text of 5V1 (Designator915)
[silk_overlap]: Silkscreen overlap
    Rule: board setup constraints silk; warning
    @(217.9320 mm, 35.8140 mm): Footprint text of Q1 (*)
    @(217.9320 mm, 35.8140 mm): Footprint text of Q1 (*)
[silk_overlap]: Silkscreen overlap
    Rule: board setup constraints silk; warning
    @(211.8520 mm, 31.1160 mm): Reference field of R2
    @(211.6249 mm, 30.5510 mm): Segment of R1 on F.Silkscreen
[silk_overlap]: Silkscreen overlap
    Rule: board setup constraints silk; warning
    @(165.6600 mm, 46.7100 mm): Reference field of Rfbb1
    @(167.3306 mm, 46.2586 mm): Footprint text of 5V1 (Designator915)
[silk_overlap]: Silkscreen overlap
    Rule: board setup constraints silk; warning
    @(58.7169 mm, 39.1870 mm): Segment of R8 on F.Silkscreen
    @(58.9440 mm, 39.7520 mm): Reference field of R9

** Found 131 unconnected pads **
[unconnected_items]: Missing connection between items
    Local override; error
    @(247.6500 mm, 61.4290 mm): PTH pad 2 [3.3VRelayOut] of 3.3V_OUT1
    @(247.6500 mm, 66.9290 mm): PTH pad 4 [3.3VRelayOut] of 3.3V_OUT1
[unconnected_items]: Missing connection between items
    Local override; error
    @(23.8260 mm, 146.4920 mm): PTH pad 10 [GND] of J1
    @(23.8260 mm, 154.9920 mm): PTH pad 10 [GND] of J1
[unconnected_items]: Missing connection between items
    Local override; error
    @(30.2260 mm, 145.7420 mm): PTH pad 7 [GND] of J1
    @(33.7260 mm, 147.2420 mm): PTH pad 4 [GND] of J1
[unconnected_items]: Missing connection between items
    Local override; error
    @(30.2260 mm, 145.7420 mm): PTH pad 7 [GND] of J1
    @(23.8260 mm, 146.4920 mm): PTH pad 10 [GND] of J1
[unconnected_items]: Missing connection between items
    Local override; error
    @(33.7260 mm, 147.2420 mm): PTH pad 4 [GND] of J1
    @(36.6260 mm, 146.4920 mm): PTH pad 10 [GND] of J1
[unconnected_items]: Missing connection between items
    Local override; error
    @(33.7260 mm, 147.2420 mm): PTH pad 4 [GND] of J1
    @(36.6260 mm, 154.9920 mm): PTH pad 10 [GND] of J1
[unconnected_items]: Missing connection between items
    Local override; error
    @(36.6260 mm, 154.9920 mm): PTH pad 10 [GND] of J1
    @(88.5743 mm, 170.3764 mm): Pad 2 [GND] of Q7 on Front
[unconnected_items]: Missing connection between items
    Local override; error
    @(42.6720 mm, 63.8810 mm): PTH pad 4 [GND] of A1
    @(57.9120 mm, 58.8010 mm): PTH pad 29 [GND] of A1
[unconnected_items]: Missing connection between items
    Local override; error
    @(59.9440 mm, 41.4020 mm): Pad 2 [GND] of R9 on Front
    @(76.0350 mm, 47.6710 mm): PTH pad 10 [GND] of XBee1
[unconnected_items]: Missing connection between items
    Local override; error
    @(59.9440 mm, 41.4020 mm): Pad 2 [GND] of R9 on Front
    @(57.9120 mm, 58.8010 mm): PTH pad 29 [GND] of A1
[unconnected_items]: Missing connection between items
    Local override; error
    @(88.5743 mm, 170.3764 mm): Pad 2 [GND] of Q7 on Front
    @(88.5743 mm, 175.0014 mm): Pad 2 [GND] of Q8 on Front
[unconnected_items]: Missing connection between items
    Local override; error
    @(99.9490 mm, 133.7310 mm): Pad 2 [GND] of R3b1 on Front
    @(104.7500 mm, 130.9370 mm): Pad 2 [GND] of C4 on Front
[unconnected_items]: Missing connection between items
    Local override; error
    @(99.9490 mm, 133.7310 mm): Pad 2 [GND] of R3b1 on Front
    @(88.5743 mm, 170.3764 mm): Pad 2 [GND] of Q7 on Front
[unconnected_items]: Missing connection between items
    Local override; error
    @(100.7055 mm, 121.9810 mm): Pad 4 [GND] of U1 on Front
    @(57.9120 mm, 58.8010 mm): PTH pad 29 [GND] of A1
[unconnected_items]: Missing connection between items
    Local override; error
    @(100.9650 mm, 125.9840 mm): Pad 2 [GND] of C1 on Front
    @(100.7055 mm, 121.9810 mm): Pad 4 [GND] of U1 on Front
[unconnected_items]: Missing connection between items
    Local override; error
    @(100.9650 mm, 125.9840 mm): Pad 2 [GND] of C1 on Front
    @(104.7500 mm, 129.1870 mm): Pad 2 [GND] of C3 on Front
[unconnected_items]: Missing connection between items
    Local override; error
    @(104.7500 mm, 129.1870 mm): Pad 2 [GND] of C3 on Front
    @(140.0810 mm, 127.2540 mm): Pad 2 [GND] of Cout3 on Front
[unconnected_items]: Missing connection between items
    Local override; error
    @(104.7500 mm, 130.9370 mm): Pad 2 [GND] of C4 on Front
    @(104.7500 mm, 129.1870 mm): Pad 2 [GND] of C3 on Front
[unconnected_items]: Missing connection between items
    Local override; error
    @(137.2153 mm, 171.0114 mm): Pad 2 [GND] of Q9 on Front
    @(137.2153 mm, 175.6364 mm): Pad 2 [GND] of Q12 on Front
[unconnected_items]: Missing connection between items
    Local override; error
    @(137.2153 mm, 171.0114 mm): Pad 2 [GND] of Q9 on Front
    @(140.0810 mm, 127.2540 mm): Pad 2 [GND] of Cout3 on Front
[unconnected_items]: Missing connection between items
    Local override; error
    @(140.0810 mm, 118.7540 mm): Pad 2 [GND] of Cout1 on Front
    @(140.0810 mm, 123.0040 mm): Pad 2 [GND] of Cout2 on Front
[unconnected_items]: Missing connection between items
    Local override; error
    @(140.0810 mm, 118.7540 mm): Pad 2 [GND] of Cout1 on Front
    @(145.8285 mm, 118.7765 mm): Pad 3 [GND] of 12V1 on Front
[unconnected_items]: Missing connection between items
    Local override; error
    @(140.0810 mm, 123.0040 mm): Pad 2 [GND] of Cout2 on Front
    @(140.0810 mm, 127.2540 mm): Pad 2 [GND] of Cout3 on Front
[unconnected_items]: Missing connection between items
    Local override; error
    @(153.3910 mm, 121.9200 mm): Pad 2 [GND] of C2b1 on Front
    @(154.5975 mm, 117.7290 mm): Pad 2 [GND] of C1b1 on Front
[unconnected_items]: Missing connection between items
    Local override; error
    @(153.3910 mm, 121.9200 mm): Pad 2 [GND] of C2b1 on Front
    @(145.8285 mm, 118.7765 mm): Pad 3 [GND] of 12V1 on Front
[unconnected_items]: Missing connection between items
    Local override; error
    @(160.6300 mm, 117.4770 mm): Pad 2 [GND] of Rfbb2 on Front
    @(154.5975 mm, 117.7290 mm): Pad 2 [GND] of C1b1 on Front
[unconnected_items]: Missing connection between items
    Local override; error
    @(160.6300 mm, 117.4770 mm): Pad 2 [GND] of Rfbb2 on Front
    @(160.6300 mm, 124.3330 mm): Pad 2 [GND] of Rmode1b1 on Front
[unconnected_items]: Missing connection between items
    Local override; error
    @(168.9690 mm, 47.9210 mm): Pad 9 [GND] of 5V1 on Front
    @(169.4505 mm, 49.6885 mm): Pad 3 [GND] of 5V1 on Front
[unconnected_items]: Missing connection between items
    Local override; error
    @(169.4505 mm, 49.6885 mm): Pad 3 [GND] of 5V1 on Front
    @(165.7100 mm, 50.0975 mm): Pad 2 [GND] of Rfbb1 on Front
[unconnected_items]: Missing connection between items
    Local override; error
    @(181.8640 mm, 63.1190 mm): Pad 2 [GND] of C1a1 on Front
    @(169.4505 mm, 49.6885 mm): Pad 3 [GND] of 5V1 on Front
[unconnected_items]: Missing connection between items
    Local override; error
    @(186.0300 mm, 71.8820 mm): Pad 2 [GND] of Rmode1a1 on Front
    @(203.2000 mm, 71.1990 mm): Pad 2 [GND] of Cout5 on Front
[unconnected_items]: Missing connection between items
    Local override; error
    @(186.0300 mm, 71.8820 mm): Pad 2 [GND] of Rmode1a1 on Front
    @(160.6300 mm, 117.4770 mm): Pad 2 [GND] of Rfbb2 on Front
[unconnected_items]: Missing connection between items
    Local override; error
    @(186.6650 mm, 63.1190 mm): Pad 2 [GND] of C2a1 on Front
    @(181.8640 mm, 63.1190 mm): Pad 2 [GND] of C1a1 on Front
[unconnected_items]: Missing connection between items
    Local override; error
    @(186.6650 mm, 63.1190 mm): Pad 2 [GND] of C2a1 on Front
    @(186.0300 mm, 71.8820 mm): Pad 2 [GND] of Rmode1a1 on Front
[unconnected_items]: Missing connection between items
    Local override; error
    @(203.2000 mm, 67.8490 mm): Pad 2 [GND] of Cout4 on Front
    @(210.8520 mm, 32.7660 mm): Pad 1 [GND] of R2 on Front
[unconnected_items]: Missing connection between items
    Local override; error
    @(203.2000 mm, 71.1990 mm): Pad 2 [GND] of Cout5 on Front
    @(203.2000 mm, 67.8490 mm): Pad 2 [GND] of Cout4 on Front
[unconnected_items]: Missing connection between items
    Local override; error
    @(203.2000 mm, 71.1990 mm): Pad 2 [GND] of Cout5 on Front
    @(203.2000 mm, 74.5490 mm): Pad 2 [GND] of Cout6 on Front
[unconnected_items]: Missing connection between items
    Local override; error
    @(223.0673 mm, 142.9444 mm): Pad 2 [GND] of Q10 on Front
    @(223.0673 mm, 147.5694 mm): Pad 2 [GND] of Q11 on Front
[unconnected_items]: Missing connection between items
    Local override; error
    @(223.0673 mm, 142.9444 mm): Pad 2 [GND] of Q10 on Front
    @(259.8973 mm, 142.9974 mm): Pad 2 [GND] of Q6 on Front
[unconnected_items]: Missing connection between items
    Local override; error
    @(236.0750 mm, 85.2170 mm): PTH pad 4 [GND] of 5V_OUT1
    @(203.2000 mm, 74.5490 mm): Pad 2 [GND] of Cout6 on Front
[unconnected_items]: Missing connection between items
    Local override; error
    @(236.2020 mm, 103.6320 mm): PTH pad 5 [GND] of 12V_OUT1
    @(236.2020 mm, 98.1320 mm): PTH pad 1 [GND] of 12V_OUT1
[unconnected_items]: Missing connection between items
    Local override; error
    @(240.2750 mm, 79.7170 mm): PTH pad 2 [GND] of 5V_OUT1
    @(236.0750 mm, 85.2170 mm): PTH pad 4 [GND] of 5V_OUT1
[unconnected_items]: Missing connection between items
    Local override; error
    @(240.2750 mm, 79.7170 mm): PTH pad 2 [GND] of 5V_OUT1
    @(243.4500 mm, 66.9290 mm): PTH pad 3 [GND] of 3.3V_OUT1
[unconnected_items]: Missing connection between items
    Local override; error
    @(243.4500 mm, 61.4290 mm): PTH pad 1 [GND] of 3.3V_OUT1
    @(243.4500 mm, 66.9290 mm): PTH pad 3 [GND] of 3.3V_OUT1
[unconnected_items]: Missing connection between items
    Local override; error
    @(243.4500 mm, 61.4290 mm): PTH pad 1 [GND] of 3.3V_OUT1
    @(246.9360 mm, 36.0350 mm): PTH pad N [GND] of 22V_BATT_IN1
[unconnected_items]: Missing connection between items
    Local override; error
    @(244.4750 mm, 85.2170 mm): PTH pad 6 [GND] of 5V_OUT1
    @(240.2750 mm, 79.7170 mm): PTH pad 2 [GND] of 5V_OUT1
[unconnected_items]: Missing connection between items
    Local override; error
    @(244.6020 mm, 98.1320 mm): PTH pad 3 [GND] of 12V_OUT1
    @(244.4750 mm, 85.2170 mm): PTH pad 6 [GND] of 5V_OUT1
[unconnected_items]: Missing connection between items
    Local override; error
    @(244.6020 mm, 103.6320 mm): PTH pad 7 [GND] of 12V_OUT1
    @(244.6020 mm, 98.1320 mm): PTH pad 3 [GND] of 12V_OUT1
[unconnected_items]: Missing connection between items
    Local override; error
    @(244.6020 mm, 103.6320 mm): PTH pad 7 [GND] of 12V_OUT1
    @(236.2020 mm, 103.6320 mm): PTH pad 5 [GND] of 12V_OUT1
[unconnected_items]: Missing connection between items
    Local override; error
    @(259.8973 mm, 138.3724 mm): Pad 2 [GND] of Q2 on Front
    @(244.6020 mm, 103.6320 mm): PTH pad 7 [GND] of 12V_OUT1
[unconnected_items]: Missing connection between items
    Local override; error
    @(259.8973 mm, 142.9974 mm): Pad 2 [GND] of Q6 on Front
    @(259.8973 mm, 138.3724 mm): Pad 2 [GND] of Q2 on Front
[unconnected_items]: Missing connection between items
    Local override; error
    @(170.5815 mm, 48.1835 mm): Pad 7 [Net-(5V1-MODE)] of 5V1 on Front
    @(185.2150 mm, 71.8820 mm): Pad 1 [Net-(5V1-MODE)] of Rmode1a1 on Front
[unconnected_items]: Missing connection between items
    Local override; error
    @(166.6600 mm, 50.0950 mm): Pad 1 [5VBuck] of Rfbt1 on Front
    @(169.1190 mm, 52.0710 mm): PTH pad 4 [5VBuck] of 5V1
[unconnected_items]: Missing connection between items
    Local override; error
    @(169.1190 mm, 52.0710 mm): PTH pad 4 [5VBuck] of 5V1
    @(200.0750 mm, 67.8490 mm): Pad 1 [5VBuck] of Cout4 on Front
[unconnected_items]: Missing connection between items
    Local override; error
    @(200.0750 mm, 71.1990 mm): Pad 1 [5VBuck] of Cout5 on Front
    @(200.0750 mm, 67.8490 mm): Pad 1 [5VBuck] of Cout4 on Front
[unconnected_items]: Missing connection between items
    Local override; error
    @(200.0750 mm, 74.5490 mm): Pad 1 [5VBuck] of Cout6 on Front
    @(200.0750 mm, 71.1990 mm): Pad 1 [5VBuck] of Cout5 on Front
[unconnected_items]: Missing connection between items
    Local override; error
    @(97.8400 mm, 125.9840 mm): Pad 1 [Sys_Vin] of C1 on Front
    @(99.9490 mm, 130.7810 mm): Pad 2 [Sys_Vin] of R3a1 on Front
[unconnected_items]: Missing connection between items
    Local override; error
    @(98.4305 mm, 121.9810 mm): Pad 3 [Sys_Vin] of U1 on Front
    @(97.8400 mm, 125.9840 mm): Pad 1 [Sys_Vin] of C1 on Front
[unconnected_items]: Missing connection between items
    Local override; error
    @(147.3970 mm, 118.0840 mm): Pad 6 [Sys_Vin] of 12V1 on Front
    @(99.9490 mm, 130.7810 mm): Pad 2 [Sys_Vin] of R3a1 on Front
[unconnected_items]: Missing connection between items
    Local override; error
    @(151.4725 mm, 117.7290 mm): Pad 1 [Sys_Vin] of C1b1 on Front
    @(147.3970 mm, 118.0840 mm): Pad 6 [Sys_Vin] of 12V1 on Front
[unconnected_items]: Missing connection between items
    Local override; error
    @(151.4725 mm, 117.7290 mm): Pad 1 [Sys_Vin] of C1b1 on Front
    @(152.7160 mm, 121.9200 mm): Pad 1 [Sys_Vin] of C2b1 on Front
[unconnected_items]: Missing connection between items
    Local override; error
    @(151.4725 mm, 117.7290 mm): Pad 1 [Sys_Vin] of C1b1 on Front
    @(178.7390 mm, 63.1190 mm): Pad 1 [Sys_Vin] of C1a1 on Front
[unconnected_items]: Missing connection between items
    Local override; error
    @(178.7390 mm, 63.1190 mm): Pad 1 [Sys_Vin] of C1a1 on Front
    @(185.9900 mm, 63.1190 mm): Pad 1 [Sys_Vin] of C2a1 on Front
[unconnected_items]: Missing connection between items
    Local override; error
    @(178.7390 mm, 63.1190 mm): Pad 1 [Sys_Vin] of C1a1 on Front
    @(171.0190 mm, 48.9960 mm): Pad 6 [Sys_Vin] of 5V1 on Front
[unconnected_items]: Missing connection between items
    Local override; error
    @(185.9900 mm, 63.1190 mm): Pad 1 [Sys_Vin] of C2a1 on Front
    @(216.3300 mm, 22.2250 mm): Pad 1 [Sys_Vin] of Main_Bulk(electrolytic)1 on Front
[unconnected_items]: Missing connection between items
    Local override; error
    @(236.0750 mm, 79.7170 mm): PTH pad 1 [5VRelayOut] of 5V_OUT1
    @(240.2750 mm, 85.2170 mm): PTH pad 5 [5VRelayOut] of 5V_OUT1
[unconnected_items]: Missing connection between items
    Local override; error
    @(240.2750 mm, 85.2170 mm): PTH pad 5 [5VRelayOut] of 5V_OUT1
    @(244.4750 mm, 79.7170 mm): PTH pad 3 [5VRelayOut] of 5V_OUT1
[unconnected_items]: Missing connection between items
    Local override; error
    @(159.9550 mm, 117.4770 mm): Pad 1 [Net-(12V1-FB)] of Rfbb2 on Front
    @(144.6970 mm, 118.3340 mm): Pad 2 [Net-(12V1-FB)] of 12V1 on Front
[unconnected_items]: Missing connection between items
    Local override; error
    @(160.6300 mm, 120.7770 mm): Pad 2 [Net-(12V1-FB)] of Rfbt2 on Front
    @(159.9550 mm, 117.4770 mm): Pad 1 [Net-(12V1-FB)] of Rfbb2 on Front
[unconnected_items]: Missing connection between items
    Local override; error
    @(57.9120 mm, 56.2610 mm): PTH pad 30 [12VBuck] of A1
    @(136.9560 mm, 118.7540 mm): Pad 1 [12VBuck] of Cout1 on Front
[unconnected_items]: Missing connection between items
    Local override; error
    @(136.9560 mm, 118.7540 mm): Pad 1 [12VBuck] of Cout1 on Front
    @(136.9560 mm, 123.0040 mm): Pad 1 [12VBuck] of Cout2 on Front
[unconnected_items]: Missing connection between items
    Local override; error
    @(136.9560 mm, 127.2540 mm): Pad 1 [12VBuck] of Cout3 on Front
    @(136.9560 mm, 123.0040 mm): Pad 1 [12VBuck] of Cout2 on Front
[unconnected_items]: Missing connection between items
    Local override; error
    @(145.4970 mm, 121.1590 mm): PTH pad 4 [12VBuck] of 12V1
    @(136.9560 mm, 118.7540 mm): Pad 1 [12VBuck] of Cout1 on Front
[unconnected_items]: Missing connection between items
    Local override; error
    @(159.9550 mm, 120.7770 mm): Pad 1 [12VBuck] of Rfbt2 on Front
    @(145.4970 mm, 121.1590 mm): PTH pad 4 [12VBuck] of 12V1
[unconnected_items]: Missing connection between items
    Local override; error
    @(146.9595 mm, 117.2715 mm): Pad 7 [Net-(12V1-MODE)] of 12V1 on Front
    @(159.8150 mm, 124.3330 mm): Pad 1 [Net-(12V1-MODE)] of Rmode1b1 on Front
[unconnected_items]: Missing connection between items
    Local override; error
    @(240.4020 mm, 98.1320 mm): PTH pad 2 [12VRelayOut] of 12V_OUT1
    @(240.4020 mm, 103.6320 mm): PTH pad 6 [12VRelayOut] of 12V_OUT1
[unconnected_items]: Missing connection between items
    Local override; error
    @(248.8020 mm, 98.1320 mm): PTH pad 4 [12VRelayOut] of 12V_OUT1
    @(240.4020 mm, 98.1320 mm): PTH pad 2 [12VRelayOut] of 12V_OUT1
[unconnected_items]: Missing connection between items
    Local override; error
    @(248.8020 mm, 103.6320 mm): PTH pad 8 [12VRelayOut] of 12V_OUT1
    @(248.8020 mm, 98.1320 mm): PTH pad 4 [12VRelayOut] of 12V_OUT1
[unconnected_items]: Missing connection between items
    Local override; error
    @(210.8520 mm, 29.8160 mm): Pad 1 [Batt_Vin] of R1 on Front
    @(225.4250 mm, 35.8140 mm): Pad 3 [Batt_Vin] of Q1 on Front
[unconnected_items]: Missing connection between items
    Local override; error
    @(225.4250 mm, 35.8140 mm): Pad 3 [Batt_Vin] of Q1 on Front
    @(229.2160 mm, 33.6550 mm): Pad 1 [Batt_Vin] of D1 on Front
[unconnected_items]: Missing connection between items
    Local override; error
    @(241.9360 mm, 36.0350 mm): PTH pad P [Batt_Vin] of 22V_BATT_IN1
    @(229.2160 mm, 33.6550 mm): Pad 1 [Batt_Vin] of D1 on Front
[unconnected_items]: Missing connection between items
    Local override; error
    @(42.6720 mm, 58.8010 mm): PTH pad 2 [XbeeTX] of A1
    @(76.0350 mm, 31.6710 mm): PTH pad 2 [XbeeTX] of XBee1
[unconnected_items]: Missing connection between items
    Local override; error
    @(42.6720 mm, 84.2010 mm): PTH pad 12 [3.3V_ON] of A1
    @(264.6648 mm, 136.4974 mm): Pad 1 [3.3V_ON] of R7 on Front
[unconnected_items]: Missing connection between items
    Local override; error
    @(42.6720 mm, 66.4210 mm): PTH pad 5 [XBeeRESET] of A1
    @(76.0350 mm, 37.6710 mm): PTH pad 5 [XBeeRESET] of XBee1
[unconnected_items]: Missing connection between items
    Local override; error
    @(42.6720 mm, 81.6610 mm): PTH pad 11 [VN_OFF] of A1
    @(93.3418 mm, 171.4514 mm): Pad 1 [VN_OFF] of R6 on Front
[unconnected_items]: Missing connection between items
    Local override; error
    @(42.6720 mm, 79.1210 mm): PTH pad 10 [VN_ON] of A1
    @(93.3418 mm, 168.5014 mm): Pad 1 [VN_ON] of R5 on Front
[unconnected_items]: Missing connection between items
    Local override; error
    @(42.6720 mm, 68.9610 mm): PTH pad 6 [12V_ON] of A1
    @(141.9828 mm, 169.1364 mm): Pad 1 [12V_ON] of R15 on Front
[unconnected_items]: Missing connection between items
    Local override; error
    @(42.6720 mm, 76.5810 mm): PTH pad 9 [5V_OFF] of A1
    @(227.8348 mm, 144.0194 mm): Pad 1 [5V_OFF] of R4 on Front
[unconnected_items]: Missing connection between items
    Local override; error
    @(42.6720 mm, 86.7410 mm): PTH pad 13 [3.3V_OFF] of A1
    @(264.6648 mm, 139.4474 mm): Pad 1 [3.3V_OFF] of R11 on Front
[unconnected_items]: Missing connection between items
    Local override; error
    @(42.6720 mm, 56.2610 mm): PTH pad 1 [Net-(A1-D1/TX)] of A1
    @(57.9440 mm, 38.4520 mm): Pad 1 [Net-(A1-D1/TX)] of R8 on Front
[unconnected_items]: Missing connection between items
    Local override; error
    @(42.6720 mm, 74.0410 mm): PTH pad 8 [5V_ON] of A1
    @(227.8348 mm, 141.0694 mm): Pad 1 [5V_ON] of R3 on Front
[unconnected_items]: Missing connection between items
    Local override; error
    @(57.9120 mm, 63.8810 mm): PTH pad 27 [5VSafe] of A1
    @(88.6318 mm, 161.7014 mm): PTH pad 1 [5VSafe] of D4
[unconnected_items]: Missing connection between items
    Local override; error
    @(88.6318 mm, 165.2514 mm): PTH pad 1 [5VSafe] of D5
    @(88.6318 mm, 161.7014 mm): PTH pad 1 [5VSafe] of D4
[unconnected_items]: Missing connection between items
    Local override; error
    @(88.6318 mm, 165.2514 mm): PTH pad 1 [5VSafe] of D5
    @(137.2728 mm, 165.8864 mm): PTH pad 1 [5VSafe] of D8
[unconnected_items]: Missing connection between items
    Local override; error
    @(137.2728 mm, 162.3364 mm): PTH pad 1 [5VSafe] of D7
    @(223.1248 mm, 137.8194 mm): PTH pad 1 [5VSafe] of D3
[unconnected_items]: Missing connection between items
    Local override; error
    @(137.2728 mm, 165.8864 mm): PTH pad 1 [5VSafe] of D8
    @(137.2728 mm, 162.3364 mm): PTH pad 1 [5VSafe] of D7
[unconnected_items]: Missing connection between items
    Local override; error
    @(223.1248 mm, 134.2694 mm): PTH pad 1 [5VSafe] of D2
    @(223.1248 mm, 137.8194 mm): PTH pad 1 [5VSafe] of D3
[unconnected_items]: Missing connection between items
    Local override; error
    @(223.1248 mm, 134.2694 mm): PTH pad 1 [5VSafe] of D2
    @(259.9548 mm, 133.2474 mm): PTH pad 1 [5VSafe] of D10
[unconnected_items]: Missing connection between items
    Local override; error
    @(259.9548 mm, 133.2474 mm): PTH pad 1 [5VSafe] of D10
    @(259.9548 mm, 129.6974 mm): PTH pad 1 [5VSafe] of D6
[unconnected_items]: Missing connection between items
    Local override; error
    @(42.6720 mm, 71.5010 mm): PTH pad 7 [12V_OFF] of A1
    @(141.9828 mm, 172.0864 mm): Pad 1 [12V_OFF] of R16 on Front
[unconnected_items]: Missing connection between items
    Local override; error
    @(100.7055 mm, 120.0810 mm): Pad 6 [Net-(U1-BST)] of U1 on Front
    @(103.9350 mm, 127.4370 mm): Pad 1 [Net-(U1-BST)] of C2 on Front
[unconnected_items]: Missing connection between items
    Local override; error
    @(104.7500 mm, 127.4370 mm): Pad 2 [Net-(U1-SW)] of C2 on Front
    @(105.8590 mm, 121.4120 mm): Pad 1 [Net-(U1-SW)] of L1 on Front
[unconnected_items]: Missing connection between items
    Local override; error
    @(105.8590 mm, 121.4120 mm): Pad 1 [Net-(U1-SW)] of L1 on Front
    @(100.7055 mm, 121.0310 mm): Pad 5 [Net-(U1-SW)] of U1 on Front
[unconnected_items]: Missing connection between items
    Local override; error
    @(76.0350 mm, 29.6710 mm): PTH pad 1 [3.3VBuck] of XBee1
    @(98.4305 mm, 120.0810 mm): Pad 1 [3.3VBuck] of U1 on Front
[unconnected_items]: Missing connection between items
    Local override; error
    @(103.9350 mm, 129.1870 mm): Pad 1 [3.3VBuck] of C3 on Front
    @(108.6590 mm, 121.4120 mm): Pad 2 [3.3VBuck] of L1 on Front
[unconnected_items]: Missing connection between items
    Local override; error
    @(103.9350 mm, 130.9370 mm): Pad 1 [3.3VBuck] of C4 on Front
    @(103.9350 mm, 129.1870 mm): Pad 1 [3.3VBuck] of C3 on Front
[unconnected_items]: Missing connection between items
    Local override; error
    @(108.6590 mm, 121.4120 mm): Pad 2 [3.3VBuck] of L1 on Front
    @(98.4305 mm, 120.0810 mm): Pad 1 [3.3VBuck] of U1 on Front
[unconnected_items]: Missing connection between items
    Local override; error
    @(212.8520 mm, 29.8160 mm): Pad 2 [Net-(D1-A)] of R1 on Front
    @(212.8520 mm, 32.7660 mm): Pad 2 [Net-(D1-A)] of R2 on Front
[unconnected_items]: Missing connection between items
    Local override; error
    @(212.8520 mm, 32.7660 mm): Pad 2 [Net-(D1-A)] of R2 on Front
    @(220.8530 mm, 35.8140 mm): Pad 1 [Net-(D1-A)] of Q1 on Front
[unconnected_items]: Missing connection between items
    Local override; error
    @(220.8530 mm, 35.8140 mm): Pad 1 [Net-(D1-A)] of Q1 on Front
    @(231.5400 mm, 33.6550 mm): Pad 2 [Net-(D1-A)] of D1 on Front
[unconnected_items]: Missing connection between items
    Local override; error
    @(224.9423 mm, 141.9944 mm): Pad 3 [Net-(D2-A)] of Q10 on Front
    @(230.7448 mm, 134.2694 mm): PTH pad 2 [Net-(D2-A)] of D2
[unconnected_items]: Missing connection between items
    Local override; error
    @(224.9423 mm, 146.6194 mm): Pad 3 [Net-(D3-A)] of Q11 on Front
    @(230.7448 mm, 137.8194 mm): PTH pad 2 [Net-(D3-A)] of D3
[unconnected_items]: Missing connection between items
    Local override; error
    @(90.4493 mm, 169.4264 mm): Pad 3 [Net-(D4-A)] of Q7 on Front
    @(96.2518 mm, 161.7014 mm): PTH pad 2 [Net-(D4-A)] of D4
[unconnected_items]: Missing connection between items
    Local override; error
    @(90.4493 mm, 174.0514 mm): Pad 3 [Net-(D5-A)] of Q8 on Front
    @(96.2518 mm, 165.2514 mm): PTH pad 2 [Net-(D5-A)] of D5
[unconnected_items]: Missing connection between items
    Local override; error
    @(261.7723 mm, 137.4224 mm): Pad 3 [Net-(D6-A)] of Q2 on Front
    @(267.5748 mm, 129.6974 mm): PTH pad 2 [Net-(D6-A)] of D6
[unconnected_items]: Missing connection between items
    Local override; error
    @(139.0903 mm, 170.0614 mm): Pad 3 [Net-(D7-A)] of Q9 on Front
    @(144.8928 mm, 162.3364 mm): PTH pad 2 [Net-(D7-A)] of D7
[unconnected_items]: Missing connection between items
    Local override; error
    @(139.0903 mm, 174.6864 mm): Pad 3 [Net-(D8-A)] of Q12 on Front
    @(144.8928 mm, 165.8864 mm): PTH pad 2 [Net-(D8-A)] of D8
[unconnected_items]: Missing connection between items
    Local override; error
    @(261.7723 mm, 142.0474 mm): Pad 3 [Net-(D10-A)] of Q6 on Front
    @(267.5748 mm, 133.2474 mm): PTH pad 2 [Net-(D10-A)] of D10
[unconnected_items]: Missing connection between items
    Local override; error
    @(217.1450 mm, 22.2250 mm): Pad 2 [Net-(Q1-D)] of Main_Bulk(electrolytic)1 on Front
    @(223.1390 mm, 29.0830 mm): Pad 2 [Net-(Q1-D)] of Q1 on Front
[unconnected_items]: Missing connection between items
    Local override; error
    @(259.8973 mm, 136.4724 mm): Pad 1 [Net-(Q2-B)] of Q2 on Front
    @(266.6648 mm, 139.4474 mm): Pad 2 [Net-(Q2-B)] of R11 on Front
[unconnected_items]: Missing connection between items
    Local override; error
    @(259.8973 mm, 141.0974 mm): Pad 1 [Net-(Q6-B)] of Q6 on Front
    @(266.6648 mm, 136.4974 mm): Pad 2 [Net-(Q6-B)] of R7 on Front
[unconnected_items]: Missing connection between items
    Local override; error
    @(88.5743 mm, 168.4764 mm): Pad 1 [Net-(Q7-B)] of Q7 on Front
    @(95.3418 mm, 168.5014 mm): Pad 2 [Net-(Q7-B)] of R5 on Front
[unconnected_items]: Missing connection between items
    Local override; error
    @(88.5743 mm, 173.1014 mm): Pad 1 [Net-(Q8-B)] of Q8 on Front
    @(95.3418 mm, 171.4514 mm): Pad 2 [Net-(Q8-B)] of R6 on Front
[unconnected_items]: Missing connection between items
    Local override; error
    @(137.2153 mm, 169.1114 mm): Pad 1 [Net-(Q9-B)] of Q9 on Front
    @(143.9828 mm, 169.1364 mm): Pad 2 [Net-(Q9-B)] of R15 on Front
[unconnected_items]: Missing connection between items
    Local override; error
    @(223.0673 mm, 141.0444 mm): Pad 1 [Net-(Q10-B)] of Q10 on Front
    @(229.8348 mm, 141.0694 mm): Pad 2 [Net-(Q10-B)] of R3 on Front
[unconnected_items]: Missing connection between items
    Local override; error
    @(223.0673 mm, 145.6694 mm): Pad 1 [Net-(Q11-B)] of Q11 on Front
    @(229.8348 mm, 144.0194 mm): Pad 2 [Net-(Q11-B)] of R4 on Front
[unconnected_items]: Missing connection between items
    Local override; error
    @(137.2153 mm, 173.7364 mm): Pad 1 [Net-(Q12-B)] of Q12 on Front
    @(143.9828 mm, 172.0864 mm): Pad 2 [Net-(Q12-B)] of R16 on Front
[unconnected_items]: Missing connection between items
    Local override; error
    @(97.9490 mm, 130.7810 mm): Pad 1 [Net-(U1-EN)] of R3a1 on Front
    @(97.9490 mm, 133.7310 mm): Pad 1 [Net-(U1-EN)] of R3b1 on Front
[unconnected_items]: Missing connection between items
    Local override; error
    @(98.4305 mm, 121.0310 mm): Pad 2 [Net-(U1-EN)] of U1 on Front
    @(97.9490 mm, 130.7810 mm): Pad 1 [Net-(U1-EN)] of R3a1 on Front
[unconnected_items]: Missing connection between items
    Local override; error
    @(59.9440 mm, 38.4520 mm): Pad 2 [Net-(XBee1-DIN/CONFIG)] of R8 on Front
    @(57.9440 mm, 41.4020 mm): Pad 1 [Net-(XBee1-DIN/CONFIG)] of R9 on Front
[unconnected_items]: Missing connection between items
    Local override; error
    @(76.0350 mm, 33.6710 mm): PTH pad 3 [Net-(XBee1-DIN/CONFIG)] of XBee1
    @(59.9440 mm, 38.4520 mm): Pad 2 [Net-(XBee1-DIN/CONFIG)] of R8 on Front

** Found 0 Footprint errors **

** End of Report **
